
log stdout 
hostname 

router bgp 100
  no bgp default ipv4-unicast
  bgp router-id 10.1.1.254

  neighbor 10.2.2.254 remote-as 200

  address-family ipv4 unicast
    neighbor 10.2.2.254 activate
    network 172.16.1.10/24
  exit-address-family


